
> frontend@0.0.0 build
> vite build

[36mvite v7.3.0 [32mbuilding client environment for production...[36m[39m
transforming...
[32mΓ£ô[39m 59 modules transformed.
node.exe : 
[31mΓ£ù[39m Build 
failed in 2.90s
At C:\Program Files\n
odejs\npm.ps1:29 
char:3
+   & $NODE_EXE 
$NPM_CLI_JS $args
+   ~~~~~~~~~~~~~~~~~
~~~~~~~~~~~~
    + CategoryInfo   
           : NotSpe  
  cified: ([31mΓ£   
 ù[39m Build fai    
led in 2.90s:Str    
ing) [], RemoteE    
xception
    + FullyQualified 
   ErrorId : Native  
  CommandError
 
[31merror during 
build:
[31m[vite:esbuild] 
Transform failed 
with 1 error:
C:/Users/baldaniya ni
tesh/Documents/GitHub
/Gitakshmi_HRMS/front
end/src/pages/HR/Atte
ndanceAdmin.jsx:188:1
: ERROR: Expected 
identifier but found 
"<"[31m
file: [36mC:/Users/b
aldaniya nitesh/Docum
ents/GitHub/Gitakshmi
_HRMS/frontend/src/pa
ges/HR/AttendanceAdmi
n.jsx:188:1[31m
[33m
[33mExpected 
identifier but found 
"<"[33m
186 |          <div 
className="space-y-6 
pt-6 animate-in 
fade-in 
duration-500">
187 |              
{/* Header / Tabs */}
188 |  <<<<<<< HEAD
    |   ^
189 |              
<div className="flex 
flex-col xl:flex-row 
xl:items-center 
justify-between 
gap-6">
190 |                
  <div>
[31m
    at 
failureErrorWithLog 
(C:\Users\baldaniya n
itesh\Documents\GitHu
b\Gitakshmi_HRMS\fron
tend\node_modules\vit
e\node_modules\esbuil
d\lib\main.js:1467:15
)
    at 
C:\Users\baldaniya ni
tesh\Documents\GitHub
\Gitakshmi_HRMS\front
end\node_modules\vite
\node_modules\esbuild
\lib\main.js:736:50
    at responseCallba
cks.<computed> 
(C:\Users\baldaniya n
itesh\Documents\GitHu
b\Gitakshmi_HRMS\fron
tend\node_modules\vit
e\node_modules\esbuil
d\lib\main.js:603:9)
    at 
handleIncomingPacket 
(C:\Users\baldaniya n
itesh\Documents\GitHu
b\Gitakshmi_HRMS\fron
tend\node_modules\vit
e\node_modules\esbuil
d\lib\main.js:658:12)
    at Socket.readFro
mStdout 
(C:\Users\baldaniya n
itesh\Documents\GitHu
b\Gitakshmi_HRMS\fron
tend\node_modules\vit
e\node_modules\esbuil
d\lib\main.js:581:7)
    at Socket.emit 
(node:events:518:28)
    at addChunk (node
:internal/streams/rea
dable:561:12)
    at readableAddChu
nkPushByteMode (node:
internal/streams/read
able:512:3)
    at Readable.push 
(node:internal/stream
s/readable:392:5)
    at 
Pipe.onStreamRead (no
de:internal/stream_ba
se_commons:189:23)[3
9m
